// Jest Snapshot v1, https://goo.gl/fbAQLP

exports[`<ApprovalBreadcrumbs /> should not render if no data is provided 1`] = `<ApprovalBreadcrumbs />`;

exports[`<ApprovalBreadcrumbs /> should render breadcrumbs 1`] = `
<ApprovalBreadcrumbs
  breadcrumbs={
    Array [
      Object {
        "title": "First level",
        "to": "/first-level",
      },
      Object {
        "isActive": true,
        "title": "Second level",
      },
    ]
  }
>
  <Component>
    <ComponentWithOuia
      component={[Function]}
      componentProps={
        Object {
          "children": Array [
            <BreadcrumbItem
              isActive={false}
            >
              <ForwardRef
                exact={true}
                isActive={[Function]}
                to="/first-level"
              >
                First level
              </ForwardRef>
            </BreadcrumbItem>,
            <BreadcrumbItem
              isActive={true}
            >
              Second level
            </BreadcrumbItem>,
          ],
        }
      }
      consumerContext={null}
    >
      <Breadcrumb
        ouiaContext={
          Object {
            "isOuia": false,
            "ouiaId": null,
          }
        }
      >
        <nav
          aria-label="Breadcrumb"
          className="pf-c-breadcrumb"
        >
          <ol
            className="pf-c-breadcrumb__list"
          >
            <BreadcrumbItem
              isActive={false}
              key="First level"
            >
              <li
                className="pf-c-breadcrumb__item"
              >
                <NavLink
                  exact={true}
                  isActive={[Function]}
                  to="/first-level"
                >
                  <Link
                    aria-current={null}
                    to={
                      Object {
                        "hash": "",
                        "pathname": "/first-level",
                        "search": "",
                        "state": null,
                      }
                    }
                  >
                    <LinkAnchor
                      aria-current={null}
                      href="/first-level"
                      navigate={[Function]}
                    >
                      <a
                        aria-current={null}
                        href="/first-level"
                        onClick={[Function]}
                      >
                        First level
                      </a>
                    </LinkAnchor>
                  </Link>
                </NavLink>
                <span
                  className="pf-c-breadcrumb__item-divider"
                >
                  <AngleRightIcon
                    color="currentColor"
                    noVerticalAlign={false}
                    size="sm"
                    title={null}
                  >
                    <svg
                      aria-hidden={true}
                      aria-labelledby={null}
                      fill="currentColor"
                      height="1em"
                      role="img"
                      style={
                        Object {
                          "verticalAlign": "-0.125em",
                        }
                      }
                      viewBox="0 0 256 512"
                      width="1em"
                    >
                      <path
                        d="M224.3 273l-136 136c-9.4 9.4-24.6 9.4-33.9 0l-22.6-22.6c-9.4-9.4-9.4-24.6 0-33.9l96.4-96.4-96.4-96.4c-9.4-9.4-9.4-24.6 0-33.9L54.3 103c9.4-9.4 24.6-9.4 33.9 0l136 136c9.5 9.4 9.5 24.6.1 34z"
                        transform=""
                      />
                    </svg>
                  </AngleRightIcon>
                </span>
              </li>
            </BreadcrumbItem>
            <BreadcrumbItem
              isActive={true}
              key="Second level"
            >
              <li
                className="pf-c-breadcrumb__item"
              >
                Second level
              </li>
            </BreadcrumbItem>
          </ol>
        </nav>
      </Breadcrumb>
    </ComponentWithOuia>
  </Component>
</ApprovalBreadcrumbs>
`;
